Running 10s test @ http://localhost/
  1 threads and 10 connections
  Thread Stats   Avg      Stdev     Max   +/- Stdev
    Latency   154.53us   27.98us   0.98ms   91.48%
    Req/Sec    62.85k     2.54k   65.70k    88.00%
  625431 requests in 10.00s, 6.51GB read
Requests/sec:  62540.36
Transfer/sec:    666.09MB
