Keys:       16 bytes each
Values:     100 bytes each (50 bytes after compression)
Entries:    1000000
RawSize:    110.6 MB (estimated)
FileSize:   62.9 MB (estimated)
------------------------------------------------
fillseq      :       1.697 micros/op;   65.2 MB/s
fillsync     :    3563.235 micros/op;    0.0 MB/s (1000 ops)
fillrandom   :       2.801 micros/op;   39.5 MB/s
overwrite    :       3.270 micros/op;   33.8 MB/s
readrandom   :       3.593 micros/op; (1000000 of 1000000 found)
readrandom   :       3.182 micros/op; (1000000 of 1000000 found)
readseq      :       0.180 micros/op;  613.5 MB/s
readreverse  :       0.239 micros/op;  462.3 MB/s
compact      :  615019.000 micros/op;
readrandom   :       2.448 micros/op; (1000000 of 1000000 found)
readseq      :       0.138 micros/op;  800.9 MB/s
readreverse  :       0.188 micros/op;  587.7 MB/s
fill100K     :    1033.295 micros/op;   92.3 MB/s (1000 ops)
crc32c       :       0.636 micros/op; 6143.9 MB/s (4K per op)
snappycomp   :       2.919 micros/op; 1338.0 MB/s (output: 55.1%)
snappyuncomp :       0.481 micros/op; 8126.3 MB/s
acquireload  :       0.263 micros/op; (each op is 1000 loads)
