Keys:       16 bytes each
Values:     100 bytes each (50 bytes after compression)
Entries:    1000000
RawSize:    110.6 MB (estimated)
FileSize:   62.9 MB (estimated)
------------------------------------------------
fillseq      :       1.711 micros/op;   64.6 MB/s
fillsync     :    3573.233 micros/op;    0.0 MB/s (1000 ops)
fillrandom   :       2.519 micros/op;   43.9 MB/s
overwrite    :       3.667 micros/op;   30.2 MB/s
readrandom   :       3.526 micros/op; (1000000 of 1000000 found)
readrandom   :       3.116 micros/op; (1000000 of 1000000 found)
readseq      :       0.182 micros/op;  606.6 MB/s
readreverse  :       0.251 micros/op;  440.3 MB/s
compact      :  437710.000 micros/op;
readrandom   :       2.445 micros/op; (1000000 of 1000000 found)
readseq      :       0.136 micros/op;  810.5 MB/s
readreverse  :       0.190 micros/op;  581.3 MB/s
fill100K     :     977.909 micros/op;   97.5 MB/s (1000 ops)
crc32c       :       0.655 micros/op; 5965.6 MB/s (4K per op)
snappycomp   :       2.919 micros/op; 1338.2 MB/s (output: 55.1%)
snappyuncomp :       0.478 micros/op; 8171.0 MB/s
acquireload  :       0.265 micros/op; (each op is 1000 loads)
