Keys:       16 bytes each
Values:     100 bytes each (50 bytes after compression)
Entries:    1000000
RawSize:    110.6 MB (estimated)
FileSize:   62.9 MB (estimated)
------------------------------------------------
fillseq      :       1.702 micros/op;   65.0 MB/s
fillsync     :    3516.487 micros/op;    0.0 MB/s (1000 ops)
fillrandom   :       2.474 micros/op;   44.7 MB/s
overwrite    :       3.808 micros/op;   29.0 MB/s
readrandom   :       3.522 micros/op; (1000000 of 1000000 found)
readrandom   :       3.119 micros/op; (1000000 of 1000000 found)
readseq      :       0.153 micros/op;  722.7 MB/s
readreverse  :       0.220 micros/op;  501.9 MB/s
compact      :  678944.000 micros/op;
readrandom   :       2.444 micros/op; (1000000 of 1000000 found)
readseq      :       0.136 micros/op;  813.1 MB/s
readreverse  :       0.188 micros/op;  587.7 MB/s
fill100K     :     997.355 micros/op;   95.6 MB/s (1000 ops)
crc32c       :       0.663 micros/op; 5887.7 MB/s (4K per op)
snappycomp   :       2.994 micros/op; 1304.7 MB/s (output: 55.1%)
snappyuncomp :       0.552 micros/op; 7078.8 MB/s
acquireload  :       0.455 micros/op; (each op is 1000 loads)
