Keys:       16 bytes each
Values:     100 bytes each (50 bytes after compression)
Entries:    1000000
RawSize:    110.6 MB (estimated)
FileSize:   62.9 MB (estimated)
------------------------------------------------
fillseq      :       1.664 micros/op;   66.5 MB/s
fillsync     :    3533.275 micros/op;    0.0 MB/s (1000 ops)
fillrandom   :       2.549 micros/op;   43.4 MB/s
overwrite    :       3.863 micros/op;   28.6 MB/s
readrandom   :       3.368 micros/op; (1000000 of 1000000 found)
readrandom   :       3.132 micros/op; (1000000 of 1000000 found)
readseq      :       0.153 micros/op;  722.7 MB/s
readreverse  :       0.223 micros/op;  495.7 MB/s
compact      :  632345.000 micros/op;
readrandom   :       2.424 micros/op; (1000000 of 1000000 found)
readseq      :       0.138 micros/op;  803.9 MB/s
readreverse  :       0.188 micros/op;  588.9 MB/s
fill100K     :     998.475 micros/op;   95.5 MB/s (1000 ops)
crc32c       :       0.635 micros/op; 6148.2 MB/s (4K per op)
snappycomp   :       2.874 micros/op; 1359.4 MB/s (output: 55.1%)
snappyuncomp :       0.478 micros/op; 8176.4 MB/s
acquireload  :       0.264 micros/op; (each op is 1000 loads)
