Keys:       16 bytes each
Values:     100 bytes each (50 bytes after compression)
Entries:    1000000
RawSize:    110.6 MB (estimated)
FileSize:   62.9 MB (estimated)
------------------------------------------------
fillseq      :       1.740 micros/op;   63.6 MB/s
fillsync     :    3550.424 micros/op;    0.0 MB/s (1000 ops)
fillrandom   :       2.548 micros/op;   43.4 MB/s
overwrite    :       3.686 micros/op;   30.0 MB/s
readrandom   :       3.571 micros/op; (1000000 of 1000000 found)
readrandom   :       3.132 micros/op; (1000000 of 1000000 found)
readseq      :       0.155 micros/op;  712.3 MB/s
readreverse  :       0.252 micros/op;  439.2 MB/s
compact      :  487268.000 micros/op;
readrandom   :       2.447 micros/op; (1000000 of 1000000 found)
readseq      :       0.166 micros/op;  667.9 MB/s
readreverse  :       0.222 micros/op;  497.4 MB/s
fill100K     :    1008.666 micros/op;   94.6 MB/s (1000 ops)
crc32c       :       0.668 micros/op; 5846.0 MB/s (4K per op)
snappycomp   :       2.970 micros/op; 1315.2 MB/s (output: 55.1%)
snappyuncomp :       0.484 micros/op; 8071.6 MB/s
acquireload  :       0.466 micros/op; (each op is 1000 loads)
