Keys:       16 bytes each
Values:     100 bytes each (50 bytes after compression)
Entries:    1000000
RawSize:    110.6 MB (estimated)
FileSize:   62.9 MB (estimated)
------------------------------------------------
fillseq      :       1.747 micros/op;   63.3 MB/s
fillsync     :    3547.334 micros/op;    0.0 MB/s (1000 ops)
fillrandom   :       2.535 micros/op;   43.6 MB/s
overwrite    :       3.916 micros/op;   28.2 MB/s
readrandom   :       3.545 micros/op; (1000000 of 1000000 found)
readrandom   :       3.122 micros/op; (1000000 of 1000000 found)
readseq      :       0.155 micros/op;  714.9 MB/s
readreverse  :       0.244 micros/op;  453.3 MB/s
compact      :  607693.000 micros/op;
readrandom   :       2.412 micros/op; (1000000 of 1000000 found)
readseq      :       0.138 micros/op;  802.4 MB/s
readreverse  :       0.187 micros/op;  591.3 MB/s
fill100K     :     928.301 micros/op;  102.7 MB/s (1000 ops)
crc32c       :       0.647 micros/op; 6037.8 MB/s (4K per op)
snappycomp   :       2.915 micros/op; 1340.0 MB/s (output: 55.1%)
snappyuncomp :       0.479 micros/op; 8157.9 MB/s
acquireload  :       0.263 micros/op; (each op is 1000 loads)
