This is ApacheBench, Version 2.3 <$Revision: 1807734 $>
Copyright 1996 Adam Twiss, Zeus Technology Ltd, http://www.zeustech.net/
Licensed to The Apache Software Foundation, http://www.apache.org/

Benchmarking localhost (be patient)


Server Software:        Apache/2.4.29
Server Hostname:        localhost
Server Port:            80

Document Path:          /
Document Length:        10918 bytes

Concurrency Level:      1
Time taken for tests:   18.524 seconds
Complete requests:      100000
Failed requests:        0
Total transferred:      1119200000 bytes
HTML transferred:       1091800000 bytes
Requests per second:    5398.36 [#/sec] (mean)
Time per request:       0.185 [ms] (mean)
Time per request:       0.185 [ms] (mean, across all concurrent requests)
Transfer rate:          59002.38 [Kbytes/sec] received

Connection Times (ms)
              min  mean[+/-sd] median   max
Connect:        0    0   0.0      0       0
Processing:     0    0   0.1      0      13
Waiting:        0    0   0.0      0       0
Total:          0    0   0.1      0      13

Percentage of the requests served within a certain time (ms)
  50%      0
  66%      0
  75%      0
  80%      0
  90%      0
  95%      0
  98%      0
  99%      0
 100%     13 (longest request)
