LevelDB:    version 1.20
Date:       Mon Dec  3 21:28:54 2018
CPU:        36 * Intel(R) Core(TM) i9-7980XE CPU @ 2.60GHz
CPUCache:   25344 KB
Keys:       16 bytes each
Values:     100 bytes each (50 bytes after compression)
Entries:    1000000
RawSize:    110.6 MB (estimated)
FileSize:   62.9 MB (estimated)
------------------------------------------------
fillseq      :       1.757 micros/op;   62.9 MB/s
fillsync     :    3532.684 micros/op;    0.0 MB/s (1000 ops)
fillrandom   :       2.855 micros/op;   38.7 MB/s
overwrite    :       3.309 micros/op;   33.4 MB/s
readrandom   :       3.653 micros/op; (1000000 of 1000000 found)
readrandom   :       3.207 micros/op; (1000000 of 1000000 found)
readseq      :       0.156 micros/op;  707.4 MB/s
readreverse  :       0.227 micros/op;  487.9 MB/s
compact      :  462196.000 micros/op;
readrandom   :       2.477 micros/op; (1000000 of 1000000 found)
readseq      :       0.142 micros/op;  780.2 MB/s
readreverse  :       0.217 micros/op;  510.6 MB/s
fill100K     :    1024.713 micros/op;   93.1 MB/s (1000 ops)
crc32c       :       0.656 micros/op; 5954.1 MB/s (4K per op)
snappycomp   :       2.893 micros/op; 1350.4 MB/s (output: 55.1%)
snappyuncomp :       0.485 micros/op; 8058.4 MB/s
acquireload  :       0.265 micros/op; (each op is 1000 loads)
