LevelDB:    version 1.20
Date:       Mon Dec  3 21:41:52 2018
CPU:        36 * Intel(R) Core(TM) i9-7980XE CPU @ 2.60GHz
CPUCache:   25344 KB
Keys:       16 bytes each
Values:     100 bytes each (50 bytes after compression)
Entries:    1000000
RawSize:    110.6 MB (estimated)
FileSize:   62.9 MB (estimated)
------------------------------------------------
fillseq      :       1.711 micros/op;   64.6 MB/s
fillsync     :    3565.324 micros/op;    0.0 MB/s (1000 ops)
fillrandom   :       2.812 micros/op;   39.3 MB/s
overwrite    :       3.554 micros/op;   31.1 MB/s
readrandom   :       3.567 micros/op; (1000000 of 1000000 found)
readrandom   :       3.149 micros/op; (1000000 of 1000000 found)
readseq      :       0.180 micros/op;  613.0 MB/s
readreverse  :       0.241 micros/op;  459.9 MB/s
compact      :  658242.000 micros/op;
readrandom   :       2.465 micros/op; (1000000 of 1000000 found)
readseq      :       0.138 micros/op;  799.1 MB/s
readreverse  :       0.193 micros/op;  573.8 MB/s
fill100K     :    1017.473 micros/op;   93.7 MB/s (1000 ops)
crc32c       :       0.644 micros/op; 6066.6 MB/s (4K per op)
snappycomp   :       2.906 micros/op; 1344.0 MB/s (output: 55.1%)
snappyuncomp :       0.482 micros/op; 8110.2 MB/s
acquireload  :       0.263 micros/op; (each op is 1000 loads)
